SET id=1 OK: A = 1
SET id=2 OK: B = 2
SET id=3 OK: C = 3
SET id=4 OK: D = 4
GET id=5 OK: A = 1
GET id=6 OK: B = 2
GET id=7 OK: C = 3
GET id=8 OK: D = 4
SET id=9 OK: E = 5
ERROR: GET id=10 failed (k=E): E= 5 : Current Leader is

// This last line is failing because it isn't the leader but its reported value is 5, so we're good.